Collecting insightface==2.0 (from -r requirements.txt (line 1))
  Downloading insightface-2.0-py3-none-any.whl.metadata (9.8 kB)
Collecting onnxruntime==1.30.0 (from -r requirements.txt (line 2))
  Downloading onnxruntime-1.30.0-cp312-cp312-win_amd64.whl.metadata (5.9 kB)
Collecting opencv-python-headless==5.0.0.93 (from -r requirements.txt (line 3))
  Downloading opencv_python_headless-5.0.0.93-cp37-abi3-win_amd64.whl.metadata (20 kB)
Collecting numpy==2.4.6 (from -r requirements.txt (line 4))
  Downloading numpy-2.4.6-cp312-cp312-win_amd64.whl.metadata (6.6 kB)
Collecting pillow==12.3.0 (from -r requirements.txt (line 5))
  Downloading pillow-12.3.0-cp312-cp312-win_amd64.whl.metadata (9.3 kB)
Collecting fastapi==0.141.1 (from -r requirements.txt (line 6))
  Downloading fastapi-0.141.1-py3-none-any.whl.metadata (27 kB)
Collecting uvicorn==0.53.0 (from uvicorn[standard]==0.53.0->-r requirements.txt (line 7))
  Downloading uvicorn-0.53.0-py3-none-any.whl.metadata (6.6 kB)
Collecting python-multipart==0.0.32 (from -r requirements.txt (line 8))
  Downloading python_multipart-0.0.32-py3-none-any.whl.metadata (2.1 kB)
Collecting scikit-learn==1.9.1 (from -r requirements.txt (line 9))
  Downloading scikit_learn-1.9.1-cp312-cp312-win_amd64.whl.metadata (9.3 kB)
Collecting matplotlib==3.11.2 (from -r requirements.txt (line 10))
  Downloading matplotlib-3.11.2-cp312-cp312-win_amd64.whl.metadata (80 kB)
Collecting pytest==9.1.1 (from -r requirements.txt (line 11))
  Downloading pytest-9.1.1-py3-none-any.whl.metadata (7.6 kB)
Collecting httpx==0.28.1 (from -r requirements.txt (line 12))
  Using cached httpx-0.28.1-py3-none-any.whl.metadata (7.1 kB)
Collecting onnx>=1.13 (from insightface==2.0->-r requirements.txt (line 1))
  Downloading onnx-1.23.1-cp312-abi3-win_amd64.whl.metadata (8.7 kB)
Collecting opencv-python (from insightface==2.0->-r requirements.txt (line 1))
  Downloading opencv_python-5.0.0.93-cp37-abi3-win_amd64.whl.metadata (20 kB)
Collecting tqdm (from insightface==2.0->-r requirements.txt (line 1))
  Downloading tqdm-4.70.1-py3-none-any.whl.metadata (57 kB)
Collecting requests (from insightface==2.0->-r requirements.txt (line 1))
  Using cached requests-2.34.2-py3-none-any.whl.metadata (4.8 kB)
Collecting scipy (from insightface==2.0->-r requirements.txt (line 1))
  Downloading scipy-1.18.1-cp312-cp312-win_amd64.whl.metadata (61 kB)
Collecting scikit-image (from insightface==2.0->-r requirements.txt (line 1))
  Downloading scikit_image-0.26.0-cp312-cp312-win_amd64.whl.metadata (15 kB)
Collecting flatbuffers (from onnxruntime==1.30.0->-r requirements.txt (line 2))
  Downloading flatbuffers-25.12.19-py2.py3-none-any.whl.metadata (1.0 kB)
Collecting packaging (from onnxruntime==1.30.0->-r requirements.txt (line 2))
  Downloading packaging-26.3-py3-none-any.whl.metadata (3.5 kB)
Collecting protobuf>=4.25.8 (from onnxruntime==1.30.0->-r requirements.txt (line 2))
  Downloading protobuf-7.36.2-cp310-abi3-win_amd64.whl.metadata (595 bytes)
Collecting starlette>=0.46.0 (from fastapi==0.141.1->-r requirements.txt (line 6))
  Downloading starlette-1.7.0-py3-none-any.whl.metadata (6.6 kB)
Collecting pydantic>=2.9.0 (from fastapi==0.141.1->-r requirements.txt (line 6))
  Downloading pydantic-2.13.5-py3-none-any.whl.metadata (110 kB)
Collecting typing-extensions>=4.8.0 (from fastapi==0.141.1->-r requirements.txt (line 6))
  Using cached typing_extensions-4.16.0-py3-none-any.whl.metadata (3.3 kB)
Collecting typing-inspection>=0.4.2 (from fastapi==0.141.1->-r requirements.txt (line 6))
  Downloading typing_inspection-0.4.4-py3-none-any.whl.metadata (2.6 kB)
Collecting annotated-doc>=0.0.2 (from fastapi==0.141.1->-r requirements.txt (line 6))
  Downloading annotated_doc-0.0.5-py3-none-any.whl.metadata (6.5 kB)
Collecting click>=7.0 (from uvicorn==0.53.0->uvicorn[standard]==0.53.0->-r requirements.txt (line 7))
  Downloading click-8.5.0-py3-none-any.whl.metadata (2.6 kB)
Collecting h11>=0.8 (from uvicorn==0.53.0->uvicorn[standard]==0.53.0->-r requirements.txt (line 7))
  Using cached h11-0.16.0-py3-none-any.whl.metadata (8.3 kB)
Collecting joblib>=1.4.0 (from scikit-learn==1.9.1->-r requirements.txt (line 9))
  Downloading joblib-1.6.0-py3-none-any.whl.metadata (6.5 kB)
Collecting narwhals>=2.0.1 (from scikit-learn==1.9.1->-r requirements.txt (line 9))
  Downloading narwhals-2.26.0-py3-none-any.whl.metadata (15 kB)
Collecting threadpoolctl>=3.5.0 (from scikit-learn==1.9.1->-r requirements.txt (line 9))
  Downloading threadpoolctl-3.7.0-py3-none-any.whl.metadata (24 kB)
Collecting contourpy>=1.0.1 (from matplotlib==3.11.2->-r requirements.txt (line 10))
  Downloading contourpy-1.4.0-cp312-cp312-win_amd64.whl.metadata (3.8 kB)
Collecting cycler>=0.10 (from matplotlib==3.11.2->-r requirements.txt (line 10))
  Downloading cycler-0.12.1-py3-none-any.whl.metadata (3.8 kB)
Collecting fonttools>=4.28.2 (from matplotlib==3.11.2->-r requirements.txt (line 10))
  Downloading fonttools-4.66.1-cp312-cp312-win_amd64.whl.metadata (132 kB)
Collecting kiwisolver>=1.3.1 (from matplotlib==3.11.2->-r requirements.txt (line 10))
  Downloading kiwisolver-1.5.1-cp312-cp312-win_amd64.whl.metadata (5.2 kB)
Collecting pyparsing>=3 (from matplotlib==3.11.2->-r requirements.txt (line 10))
  Downloading pyparsing-3.3.3-py3-none-any.whl.metadata (5.9 kB)
Collecting python-dateutil>=2.7 (from matplotlib==3.11.2->-r requirements.txt (line 10))
  Downloading python_dateutil-2.9.0.post0-py2.py3-none-any.whl.metadata (8.4 kB)
Collecting colorama>=0.4 (from pytest==9.1.1->-r requirements.txt (line 11))
  Using cached colorama-0.4.6-py2.py3-none-any.whl.metadata (17 kB)
Collecting iniconfig>=1.0.1 (from pytest==9.1.1->-r requirements.txt (line 11))
  Downloading iniconfig-2.3.0-py3-none-any.whl.metadata (2.5 kB)
Collecting pluggy<2,>=1.5 (from pytest==9.1.1->-r requirements.txt (line 11))
  Downloading pluggy-1.6.0-py3-none-any.whl.metadata (4.8 kB)
Collecting pygments>=2.7.2 (from pytest==9.1.1->-r requirements.txt (line 11))
  Downloading pygments-2.21.0-py3-none-any.whl.metadata (2.5 kB)
Collecting anyio (from httpx==0.28.1->-r requirements.txt (line 12))
  Downloading anyio-4.15.1-py3-none-any.whl.metadata (4.7 kB)
Collecting certifi (from httpx==0.28.1->-r requirements.txt (line 12))
  Downloading certifi-2026.7.22-py3-none-any.whl.metadata (2.5 kB)
Collecting httpcore==1.* (from httpx==0.28.1->-r requirements.txt (line 12))
  Using cached httpcore-1.0.9-py3-none-any.whl.metadata (21 kB)
Collecting idna (from httpx==0.28.1->-r requirements.txt (line 12))
  Downloading idna-3.20-py3-none-any.whl.metadata (7.2 kB)
Collecting httptools>=0.8.0 (from uvicorn[standard]==0.53.0->-r requirements.txt (line 7))
  Downloading httptools-0.8.0-cp312-cp312-win_amd64.whl.metadata (3.7 kB)
Collecting python-dotenv>=0.13 (from uvicorn[standard]==0.53.0->-r requirements.txt (line 7))
  Downloading python_dotenv-1.2.4-py3-none-any.whl.metadata (29 kB)
Collecting pyyaml>=5.1 (from uvicorn[standard]==0.53.0->-r requirements.txt (line 7))
  Using cached pyyaml-6.0.3-cp312-cp312-win_amd64.whl.metadata (2.4 kB)
Collecting watchfiles>=0.20 (from uvicorn[standard]==0.53.0->-r requirements.txt (line 7))
  Downloading watchfiles-1.3.0-cp310-abi3-win_amd64.whl.metadata (5.0 kB)
Collecting websockets>=13.0 (from uvicorn[standard]==0.53.0->-r requirements.txt (line 7))
  Downloading websockets-17.2-cp312-cp312-win_amd64.whl.metadata (6.5 kB)
Collecting cloudpickle>=3.0 (from joblib>=1.4.0->scikit-learn==1.9.1->-r requirements.txt (line 9))
  Downloading cloudpickle-3.1.2-py3-none-any.whl.metadata (7.1 kB)
Collecting ml_dtypes>=0.5.4 (from onnx>=1.13->insightface==2.0->-r requirements.txt (line 1))
  Downloading ml_dtypes-0.6.0-cp312-cp312-win_amd64.whl.metadata (8.8 kB)
Collecting annotated-types>=0.6.0 (from pydantic>=2.9.0->fastapi==0.141.1->-r requirements.txt (line 6))
  Downloading annotated_types-0.8.0-py3-none-any.whl.metadata (15 kB)
Collecting pydantic-core==2.46.5 (from pydantic>=2.9.0->fastapi==0.141.1->-r requirements.txt (line 6))
  Downloading pydantic_core-2.46.5-cp312-cp312-win_amd64.whl.metadata (6.7 kB)
Collecting six>=1.5 (from python-dateutil>=2.7->matplotlib==3.11.2->-r requirements.txt (line 10))
  Downloading six-1.17.0-py2.py3-none-any.whl.metadata (1.7 kB)
Collecting charset_normalizer<4,>=2 (from requests->insightface==2.0->-r requirements.txt (line 1))
  Downloading charset_normalizer-3.5.2-cp312-cp312-win_amd64.whl.metadata (47 kB)
Collecting urllib3<3,>=1.26 (from requests->insightface==2.0->-r requirements.txt (line 1))
  Downloading urllib3-2.8.0-py3-none-any.whl.metadata (7.4 kB)
Collecting networkx>=3.0 (from scikit-image->insightface==2.0->-r requirements.txt (line 1))
  Downloading networkx-3.7-py3-none-any.whl.metadata (6.7 kB)
Collecting imageio!=2.35.0,>=2.33 (from scikit-image->insightface==2.0->-r requirements.txt (line 1))
  Downloading imageio-2.38.0-py3-none-any.whl.metadata (9.7 kB)
Collecting tifffile>=2022.8.12 (from scikit-image->insightface==2.0->-r requirements.txt (line 1))
  Downloading tifffile-2026.9.20-py3-none-any.whl.metadata (34 kB)
Collecting lazy-loader>=0.4 (from scikit-image->insightface==2.0->-r requirements.txt (line 1))
  Downloading lazy_loader-0.6-py3-none-any.whl.metadata (6.0 kB)
Downloading insightface-2.0-py3-none-any.whl (1.1 MB)
   ---------------------------------------- 1.1/1.1 MB 2.6 MB/s eta 0:00:00
Downloading onnxruntime-1.30.0-cp312-cp312-win_amd64.whl (14.3 MB)
   ---------------------------------------- 14.3/14.3 MB 5.8 MB/s eta 0:00:00
Downloading opencv_python_headless-5.0.0.93-cp37-abi3-win_amd64.whl (43.8 MB)
   ---------------------------------------- 43.8/43.8 MB 5.0 MB/s eta 0:00:00
Downloading numpy-2.4.6-cp312-cp312-win_amd64.whl (12.3 MB)
   ---------------------------------------- 12.3/12.3 MB 3.1 MB/s eta 0:00:00
Downloading pillow-12.3.0-cp312-cp312-win_amd64.whl (7.2 MB)
   ---------------------------------------- 7.2/7.2 MB 1.8 MB/s eta 0:00:00
Downloading fastapi-0.141.1-py3-none-any.whl (131 kB)
Downloading uvicorn-0.53.0-py3-none-any.whl (87 kB)
Downloading python_multipart-0.0.32-py3-none-any.whl (30 kB)
Downloading scikit_learn-1.9.1-cp312-cp312-win_amd64.whl (8.3 MB)
   ---------------------------------------- 8.3/8.3 MB 1.9 MB/s eta 0:00:00
Downloading matplotlib-3.11.2-cp312-cp312-win_amd64.whl (9.3 MB)
   ---------------------------------------- 9.3/9.3 MB 1.8 MB/s eta 0:00:00
Downloading pytest-9.1.1-py3-none-any.whl (386 kB)
Using cached httpx-0.28.1-py3-none-any.whl (73 kB)
Using cached httpcore-1.0.9-py3-none-any.whl (78 kB)
Downloading annotated_doc-0.0.5-py3-none-any.whl (5.3 kB)
Downloading click-8.5.0-py3-none-any.whl (125 kB)
Using cached colorama-0.4.6-py2.py3-none-any.whl (25 kB)
Downloading contourpy-1.4.0-cp312-cp312-win_amd64.whl (234 kB)
Downloading cycler-0.12.1-py3-none-any.whl (8.3 kB)
Downloading fonttools-4.66.1-cp312-cp312-win_amd64.whl (2.5 MB)
   ---------------------------------------- 2.5/2.5 MB 1.6 MB/s eta 0:00:00
Using cached h11-0.16.0-py3-none-any.whl (37 kB)
Downloading httptools-0.8.0-cp312-cp312-win_amd64.whl (90 kB)
Downloading iniconfig-2.3.0-py3-none-any.whl (7.5 kB)
Downloading joblib-1.6.0-py3-none-any.whl (306 kB)
Downloading kiwisolver-1.5.1-cp312-cp312-win_amd64.whl (70 kB)
Downloading narwhals-2.26.0-py3-none-any.whl (474 kB)
Downloading onnx-1.23.1-cp312-abi3-win_amd64.whl (7.9 MB)
   ---------------------------------------- 7.9/7.9 MB 1.4 MB/s eta 0:00:00
Downloading packaging-26.3-py3-none-any.whl (129 kB)
Downloading pluggy-1.6.0-py3-none-any.whl (20 kB)
Downloading protobuf-7.36.2-cp310-abi3-win_amd64.whl (456 kB)
Downloading pydantic-2.13.5-py3-none-any.whl (472 kB)
Downloading pydantic_core-2.46.5-cp312-cp312-win_amd64.whl (2.0 MB)
   ---------------------------------------- 2.0/2.0 MB 1.3 MB/s eta 0:00:00
Downloading pygments-2.21.0-py3-none-any.whl (1.3 MB)
   ---------------------------------------- 1.3/1.3 MB 1.3 MB/s eta 0:00:00
Downloading pyparsing-3.3.3-py3-none-any.whl (126 kB)
Downloading python_dateutil-2.9.0.post0-py2.py3-none-any.whl (229 kB)
Downloading python_dotenv-1.2.4-py3-none-any.whl (23 kB)
Using cached pyyaml-6.0.3-cp312-cp312-win_amd64.whl (154 kB)
Downloading scipy-1.18.1-cp312-cp312-win_amd64.whl (36.7 MB)
   ---------------------------------------- 36.7/36.7 MB 2.5 MB/s eta 0:00:00
Downloading starlette-1.7.0-py3-none-any.whl (78 kB)
Downloading anyio-4.15.1-py3-none-any.whl (132 kB)
Downloading idna-3.20-py3-none-any.whl (69 kB)
Downloading threadpoolctl-3.7.0-py3-none-any.whl (26 kB)
Using cached typing_extensions-4.16.0-py3-none-any.whl (45 kB)
Downloading typing_inspection-0.4.4-py3-none-any.whl (14 kB)
Downloading watchfiles-1.3.0-cp310-abi3-win_amd64.whl (290 kB)
Downloading websockets-17.2-cp312-cp312-win_amd64.whl (218 kB)
Downloading certifi-2026.7.22-py3-none-any.whl (136 kB)
Downloading flatbuffers-25.12.19-py2.py3-none-any.whl (26 kB)
Downloading opencv_python-5.0.0.93-cp37-abi3-win_amd64.whl (44.0 MB)
   ---------------------------------------- 44.0/44.0 MB 668.7 kB/s eta 0:00:00
Using cached requests-2.34.2-py3-none-any.whl (73 kB)
Downloading scikit_image-0.26.0-cp312-cp312-win_amd64.whl (11.9 MB)
   ---------------------------------------- 11.9/11.9 MB 385.8 kB/s eta 0:00:00
Downloading tqdm-4.70.1-py3-none-any.whl (80 kB)
Downloading annotated_types-0.8.0-py3-none-any.whl (13 kB)
Downloading charset_normalizer-3.5.2-cp312-cp312-win_amd64.whl (207 kB)
Downloading cloudpickle-3.1.2-py3-none-any.whl (22 kB)
Downloading imageio-2.38.0-py3-none-any.whl (328 kB)
Downloading lazy_loader-0.6-py3-none-any.whl (8.8 kB)
Downloading ml_dtypes-0.6.0-cp312-cp312-win_amd64.whl (439 kB)
Downloading networkx-3.7-py3-none-any.whl (2.1 MB)
   ---------------------------------------- 2.1/2.1 MB 1.8 MB/s eta 0:00:00
Downloading six-1.17.0-py2.py3-none-any.whl (11 kB)
Downloading tifffile-2026.9.20-py3-none-any.whl (275 kB)
Downloading urllib3-2.8.0-py3-none-any.whl (135 kB)
Installing collected packages: flatbuffers, websockets, urllib3, typing-extensions, threadpoolctl, six, pyyaml, python-multipart, python-dotenv, pyparsing, pygments, protobuf, pluggy, pillow, packaging, numpy, networkx, narwhals, kiwisolver, iniconfig, idna, httptools, h11, fonttools, cycler, colorama, cloudpickle, click, charset_normalizer, certifi, annotated-types, annotated-doc, uvicorn, typing-inspection, tqdm, tifffile, scipy, requests, python-dateutil, pytest, pydantic-core, opencv-python-headless, opencv-python, onnxruntime, ml_dtypes, lazy-loader, joblib, imageio, httpcore, contourpy, anyio, watchfiles, starlette, scikit-learn, scikit-image, pydantic, onnx, matplotlib, httpx, insightface, fastapi
Successfully installed annotated-doc-0.0.5 annotated-types-0.8.0 anyio-4.15.1 certifi-2026.7.22 charset_normalizer-3.5.2 click-8.5.0 cloudpickle-3.1.2 colorama-0.4.6 contourpy-1.4.0 cycler-0.12.1 fastapi-0.141.1 flatbuffers-25.12.19 fonttools-4.66.1 h11-0.16.0 httpcore-1.0.9 httptools-0.8.0 httpx-0.28.1 idna-3.20 imageio-2.38.0 iniconfig-2.3.0 insightface-2.0 joblib-1.6.0 kiwisolver-1.5.1 lazy-loader-0.6 matplotlib-3.11.2 ml_dtypes-0.6.0 narwhals-2.26.0 networkx-3.7 numpy-2.4.6 onnx-1.23.1 onnxruntime-1.30.0 opencv-python-5.0.0.93 opencv-python-headless-5.0.0.93 packaging-26.3 pillow-12.3.0 pluggy-1.6.0 protobuf-7.36.2 pydantic-2.13.5 pydantic-core-2.46.5 pygments-2.21.0 pyparsing-3.3.3 pytest-9.1.1 python-dateutil-2.9.0.post0 python-dotenv-1.2.4 python-multipart-0.0.32 pyyaml-6.0.3 requests-2.34.2 scikit-image-0.26.0 scikit-learn-1.9.1 scipy-1.18.1 six-1.17.0 starlette-1.7.0 threadpoolctl-3.7.0 tifffile-2026.9.20 tqdm-4.70.1 typing-extensions-4.16.0 typing-inspection-0.4.4 urllib3-2.8.0 uvicorn-0.53.0 watchfiles-1.3.0 websockets-17.2

[notice] A new release of pip is available: 25.0.1 -> 26.2.1
[notice] To update, run: C:\Users\Agent 15\Desktop\Zawadie-Dev\Face-match-system\.venv\Scripts\python.exe -m pip install --upgrade pip
